Turbo Assembler	 Version 3.2	    12/11/11 18:07:39	    Page 1
c:\tasm\temp\astuntas.asm



      1				     ; steko segmentas
      2	0000			     stekas SEGMENT STACK
      3	0000  0100*(??)		     DB	256 DUP	(?)
      4	0100			     stekas ENDS
      5
      6	0000			     duomenys SEGMENT
      7	0000  69 76 65 73 6B 69	74+  p1	DB 'iveskite zodi','$'
      8	      65 20 7A 6F 64 69	24
      9	000E  14 ?? 14*(20)	     ivsritis DB 20, ?,	20 DUP(' ')
     10	0024  02		     du	DB 2
     11	0025  24		     DOL DB '$'
     12	0026			     duomenys ENDS
     13
     14	0000			     programa SEGMENT
     15				     ASSUME CS:programa, DS:duomenys, SS:stekas
     16
     17	0000  B8 0000s		     START:  MOV AX, duomenys
     18	0003  8E D8			     MOV DS, AX
     19				     ;pranesimas spausdinamas
     20	0005  B8 0600			     MOV AX, 0600h ;ekrano valymas
     21	0008  B7 07			     MOV BH, 07
     22	000A  B9 0000			     MOV CX, 0 ;eilute ir stulpelis
     23	000D  BA 184F			     MOV DX, 184fh ;eilute ir stulpeis
     24	0010  CD 10			     INT 10h
     25				     ;isveda pranesima,	kad ivest pavarde
     26	0012  B4 09			     MOV AH, 09h
     27	0014  BA 0000r			     LEA DX, p1
     28	0017  CD 21			     INT 21h
     29
     30	0019  B4 0A			     MOV AH, 0Ah ; operacijos kodas ivedimui
     31	001B  BA 000Er			     LEA DX, ivsritis ;	paramertu ir ivedimo sritis
     32	001E  CD 21			     INT 21h   ; ivedimo vygdymas
     33
     34	0020  BB 0010r			     LEA BX, ivsritis+2
     35	0023  02 1E 000Fr		     ADD BL, ivsritis+1
     36	0027  8A 2E 0025r		     MOV CH, DOL
     37	002B  88 2F			     MOV [BX], CH
     38
     39	002D  B4 00			     MOV AH,0
     40	002F  B2 50			     MOV DL, 80	;stulpeliu sk
     41	0031  A0 000Fr			     mov AL, ivsritis+1
     42	0034  2A D0			     sub dl,al
     43	0036  8A C2			     mov al, dl
     44	0038  F6 36 0024r		     DIV du
     45	003C  8A D0			     MOV DL, AL
     46	003E  B6 0D			     MOV DH, 13	;is viso 25 eilutes yra
     47
     48	0040  B4 02			     MOV AH, 02	;kursoriaus nustatymas
     49	0042  CD 10			     int 10h
     50
     51	0044  B4 09			     MOV Ah, 09h
     52	0046  BA 0010r			     LEA DX, ivsritis+2
     53	0049  CD 21			     INT 21h
     54
     55	004B  B4 4C			     MOV AH, 4Ch
     56	004D  CD 21			     INT 21h
     57	004F			     programa ENDS
Turbo Assembler	 Version 3.2	    12/11/11 18:07:39	    Page 2
c:\tasm\temp\astuntas.asm



     58				     END START
Turbo Assembler	 Version 3.2	    12/11/11 18:07:39	    Page 3
Symbol Table




Symbol Name			  Type	 Value

??DATE				  Text	 "12/11/11"
??FILENAME			  Text	 "astuntas"
??TIME				  Text	 "18:07:39"
??VERSION			  Number 0314
@CPU				  Text	 0101H
@CURSEG				  Text	 PROGRAMA
@FILENAME			  Text	 ASTUNTAS
@WORDSIZE			  Text	 2
DOL				  Byte	 DUOMENYS:0025
DU				  Byte	 DUOMENYS:0024
IVSRITIS			  Byte	 DUOMENYS:000E
P1				  Byte	 DUOMENYS:0000
START				  Near	 PROGRAMA:0000

Groups & Segments		  Bit Size Align  Combine Class

DUOMENYS			  16  0026 Para	  none
PROGRAMA			  16  004F Para	  none
STEKAS				  16  0100 Para	  Stack
